[dotenv@17.3.1] injecting env (4) from .env -- tip: ΓÜÖ∩╕Å  suppress all logs with { quiet: true }
node:internal/modules/cjs/loader:1424
  throw err;
  ^

Error: Cannot find module '../models/messagePrecheckIn'
Require stack:
- D:\Github-project upload\solutionhub\backend\node_modules\svix\dist\api\message.js
- D:\Github-project upload\solutionhub\backend\node_modules\svix\dist\index.js
- D:\Github-project upload\solutionhub\backend\node_modules\resend\dist\index.cjs
- D:\Github-project upload\solutionhub\backend\server.js
    at Module._resolveFilename (node:internal/modules/cjs/loader:1421:15)
    at defaultResolveImpl (node:internal/modules/cjs/loader:1059:19)
    at resolveForCJSWithHooks (node:internal/modules/cjs/loader:1064:22)
    at Module._load (node:internal/modules/cjs/loader:1227:37)
    at TracingChannel.traceSync (node:diagnostics_channel:328:14)
    at wrapModuleLoad (node:internal/modules/cjs/loader:245:24)
    at Module.require (node:internal/modules/cjs/loader:1504:12)
    at require (node:internal/modules/helpers:152:16)
    at Object.<anonymous> (D:\Github-project upload\solutionhub\backend\node_modules\svix\dist\api\message.js:7:29)
    at Module._compile (node:internal/modules/cjs/loader:1761:14) {
  code: 'MODULE_NOT_FOUND',
  requireStack: [
    'D:\\Github-project upload\\solutionhub\\backend\\node_modules\\svix\\dist\\api\\message.js',
    'D:\\Github-project upload\\solutionhub\\backend\\node_modules\\svix\\dist\\index.js',
    'D:\\Github-project upload\\solutionhub\\backend\\node_modules\\resend\\dist\\index.cjs',
    'D:\\Github-project upload\\solutionhub\\backend\\server.js'
  ]
}

Node.js v24.12.0
