[2026-04-07 20:58:49] WARN: ⚠️  GEMINI_API_KEY not set — AI chatbot features disabled.
[2026-04-07 20:58:49] INFO: 📡 Firebase Admin Initialized (Project: solutionhub-81976)
[2026-04-07 20:58:49] WARN: ⚠️  GEMINI_API_KEY not set. AI features will not work.
[2026-04-07 20:58:49] INFO: 🚀 SolutionHub Backend v2.0 running on port 5000
[2026-04-07 20:58:49] INFO: 📦 Modules: trading | admin | auth | certificates | razorpay | ai | webhook
[2026-04-07 23:19:18] WARN: ⚠️  GEMINI_API_KEY not set — AI chatbot features disabled.
[2026-04-07 23:19:18] INFO: 📡 Firebase Admin Initialized (Project: solutionhub-81976)
[2026-04-07 23:19:19] WARN: ⚠️  GEMINI_API_KEY not set. AI features will not work.
[2026-04-07 23:19:19] INFO: 🚀 SolutionHub Backend v2.0 running on port 5000
[2026-04-07 23:19:19] INFO: 📦 Modules: trading | admin | auth | certificates | razorpay | ai | webhook
[2026-04-07 23:20:00] ERROR: Cron job error: Cannot find module 'D:\Github-project upload\solutionhub\backend\node_modules\gaxios\build\src\index.js'. Please verify that the package.json has a valid "main" entry
Error: Cannot find module 'D:\Github-project upload\solutionhub\backend\node_modules\gaxios\build\src\index.js'. Please verify that the package.json has a valid "main" entry
    at tryPackage (node:internal/modules/cjs/loader:525:19)
    at Module._findPath (node:internal/modules/cjs/loader:793:18)
    at Module._resolveFilename (node:internal/modules/cjs/loader:1406:27)
    at defaultResolveImpl (node:internal/modules/cjs/loader:1059:19)
    at resolveForCJSWithHooks (node:internal/modules/cjs/loader:1064:22)
    at Module._load (node:internal/modules/cjs/loader:1227:37)
    at TracingChannel.traceSync (node:diagnostics_channel:328:14)
    at wrapModuleLoad (node:internal/modules/cjs/loader:245:24)
    at Module.require (node:internal/modules/cjs/loader:1504:12)
    at require (node:internal/modules/helpers:152:16)
Caused by: Error
    at QueryUtil._getResponse (D:\Github-project upload\solutionhub\backend\node_modules\@google-cloud\firestore\build\src\reference\query-util.js:44:23)
    at Query._getResponse (D:\Github-project upload\solutionhub\backend\node_modules\@google-cloud\firestore\build\src\reference\query.js:784:32)
    at Query._get (D:\Github-project upload\solutionhub\backend\node_modules\@google-cloud\firestore\build\src\reference\query.js:777:35)
    at D:\Github-project upload\solutionhub\backend\node_modules\@google-cloud\firestore\build\src\reference\query.js:745:43
    at D:\Github-project upload\solutionhub\backend\node_modules\@google-cloud\firestore\build\src\telemetry\enabled-trace-util.js:110:30
    at NoopContextManager.with (D:\Github-project upload\solutionhub\backend\node_modules\@opentelemetry\api\build\src\context\NoopContextManager.js:14:19)
    at ContextAPI.with (D:\Github-project upload\solutionhub\backend\node_modules\@opentelemetry\api\build\src\api\context.js:51:46)
    at NoopTracer.startActiveSpan (D:\Github-project upload\solutionhub\backend\node_modules\@opentelemetry\api\build\src\trace\NoopTracer.js:54:31)
    at ProxyTracer.startActiveSpan (D:\Github-project upload\solutionhub\backend\node_modules\@opentelemetry\api\build\src\trace\ProxyTracer.js:27:24)
    at EnabledTraceUtil.startActiveSpan (D:\Github-project upload\solutionhub\backend\node_modules\@google-cloud\firestore\build\src\telemetry\enabled-trace-util.js:102:28)
